pcs.disableUnrooted	true
pcs.useExtendedLogLL	false
pcs.useStar	false
pcs.useTemperature	false
log.maxIndLevel	10
log.msPerLine	1000
log.file	/home/shijia57/source/smcSamplerNextflow/Zestimate_new/20replicates/Tree10/MCMC/work/09/227b916ebd18fc12a2e8227a7398e2/state/execs/0.exec/log
log.stdout	true
log.note	
log.forcePrint	false
log.maxPrintErrors	10000
SMCSamplerExperiments.resampleRoot	false
SMCSamplerExperiments.useLIS	true
SMCSamplerExperiments.usenewSS	true
SMCSamplerExperiments.usenewDSMC	false
SMCSamplerExperiments.useRef	false
SMCSamplerExperiments.ntempSS	50
SMCSamplerExperiments.mcmcfac	1
SMCSamplerExperiments.refMethod	MB
SMCSamplerExperiments.nThousandIters	0.001
SMCSamplerExperiments.methods	MCMC
SMCSamplerExperiments.iterScalings	50000
SMCSamplerExperiments.refIterScaling	100
SMCSamplerExperiments.repPerDataPt	20
SMCSamplerExperiments.pmcmcSMCExpMix	0.6666666666666666
SMCSamplerExperiments.treeRatePrior	1.0
SMCSamplerExperiments.mainRand	122
SMCSamplerExperiments.verbose	false
SMCSamplerExperiments.nThreads	1
SMCSamplerExperiments.maxNUniqueParticles	2147483647
SMCSamplerExperiments.finalMaxNUniqueParticles	2147483647
SMCSamplerExperiments.nParticlesEachStep	1000
SMCSamplerExperiments.parameter_a	1.2
SMCSamplerExperiments.a_alpha	1.5
SMCSamplerExperiments.a_statFreqs	100.0
SMCSamplerExperiments.a_subsRates	100.0
SMCSamplerExperiments.a_pInv	0.2
SMCSamplerExperiments.pmmhPgsExpMix	0.05
SMCSamplerExperiments.burninPercent	0.2
SMCSamplerExperiments.sampleTreeEveryNIter	500
SMCSamplerExperiments.RcommandDir	/Users/lwa68/workspace/alpha-liangliang/Rcode/
SMCSamplerExperiments.useDataGenerator	true
SMCSamplerExperiments.dataFile	
SMCSamplerExperiments.refTree	
SMCSamplerExperiments.dataDirName	output
SMCSamplerExperiments.sequenceType	DNA
SMCSamplerExperiments.isPMCMC4clock	true
SMCSamplerExperiments.useNJinfo	false
SMCSamplerExperiments.useTopologyProcessor	false
SMCSamplerExperiments.saveTreesFromPMCMC	false
SMCSamplerExperiments.nameOfAllTrees	allTrees.trees
SMCSamplerExperiments.csmc_trans2tranv	2.0
SMCSamplerExperiments.smcmcmcMix	0.5
SMCSamplerExperiments.betterStartVal	true
SMCSamplerExperiments.resamplingStrategy	ESS
SMCSamplerExperiments.nCSMC	10
SMCSamplerExperiments.nUCSMC	10
SMCSamplerExperiments.adaptiveTempDiff	true
SMCSamplerExperiments.adaptiveType	0
SMCSamplerExperiments.useCESS	true
SMCSamplerExperiments.alphaSMCSampler	0.99
SMCSamplerExperiments.essRatioThreshold	0.5
SMCSamplerExperiments.nNumericalIntegration	1000000
SMCSamplerExperiments.nAnnealing	5000
gen.nTaxa	15
gen.nReplica	1
gen.treeRate	10
gen.outputDirName	output
gen.len	100
gen.rand	32036
gen.useNonclock	true
gen.useSlightNonclock	false
gen.sdScale	0.3
gen.useGutellData	false
gen.gutellLocation	
gen.useYule	false
gen.useUnif	false
gen.useFullGutellLocFile	false
gen.miniTest	false
gen.q	0.5
gen.useDataGen4GTRGammaI	false
gen.pInv	0.0
gen.alpha	0.5
gen.stationaryDistribution	[D@6aa8ceb6
gen.subsRates	[D@2530c12
gen.useSeqGen	false
gen.seqGenPath	/Users/liangliang/software/Seq-Gen.v1.3.3/source/seq-gen
gen.generateDNAdata	true
priorprior.printBranchLengthMagnitudes	false
mb.mrBayesPath	mb
mb.nMCMCIters	10000
mb.nChains	1
mb.seed	1297732343
mb.treePrior	unconstrained:exp(10)
mb.mbRate	1.0
mb.setToK2P	true
mb.setFixCoalescentPr	true
mb.fixNucleotideFreq	true
mb.set2nst	true
mb.setJC	false
mb.setGTRGammaI	false
mb.setInv	false
mb.fixGTRGammaPara	false
mb.alpha	0.5
mb.stationaryDistribution	[D@73c6c3b2
mb.subsRates	[D@48533e64
mb.mb_trans2tranv	2.0
mb.setstarttree	false
mb.fixtratioInMb	true
mb.useNNI	true
mb.st	RNA
mb.alignmentInputFile	
prior.multiplicativeBranchFactor	2.0
nc.deltaProposalRate	10
nc.useOptimal	false
prop.multiplicativeBranchProposalScaling	2.0
prop.useMultiplicativeBranchProposal	true
prop.useGlobalMultiplicativeBranchProposal	true
prop.useStochasticNearestNeighborInterchangeProposal	true
prop.useStochasticNearestNeighborInterchangeProposalWithNbrsResampling	true
prop.useSubtreePruningRegraftingProposal	true
prop.useIndepBranchProp	false
annealingKernel.AnnealDeltaProposalRate	10.0
annealingKernel.printBranchLengthMagnitudes	false
nj.dnadistPath	dnadist
nj.neighborPath	/home/shijia57/bin/phylip-3.69/exe//neighbor
exec.disableSaveJar	true
exec.execName	
exec.create	true
exec.monitor	true
exec.execDir	
exec.execPoolDir	/home/shijia57/source/smcSamplerNextflow/Zestimate_new/20replicates/Tree10/MCMC/work/09/227b916ebd18fc12a2e8227a7398e2/state/execs
exec.actualExecPoolDir	
exec.overwriteExecDir	false
exec.useStandardExecPoolDirStrategy	true
exec.printOptionsAndExit	false
exec.miscOptions	
exec.addToView	
exec.recordPath	
exec.charEncoding	
exec.jarFiles	
exec.dontInitializeJars	false
exec.initializeJarsAfterDirCreation	false
exec.makeThunk	false
exec.thunkAutoQueue	false
exec.thunkPriority	0
exec.thunkMainClassName	
exec.thunkJavaOpts	
exec.thunkUseScala	false
exec.thunkReqMemory	1024
exec.dontCatchExceptions	false
mcmc.alignmentInputFile	
mcmc.st	RNA
mcmc.initTreeRandom	1
mcmc.computeLogZUsingSteppingStone	false
phylo.prior	EXP
phylo.rand	1
phylo.nIteration	1000
phylo.logFrequency	100
phylo.nTreesPerFile	100
phylo.conditionAnneal	0.01
